// Jest Snapshot v1, https://goo.gl/fbAQLP

exports[`build 1`] = `
"// ==UserScript==
// @name     Hot test
// @grant    GM_addStyle
// @grant    GM_addElement
// @match    *://*/*
// @version  1.0.0
// ==/UserScript==

;(() => {
  "use strict"

  GM_addElement(document.body, "div", { class: "depA1" })

  GM_addElement(document.body, "div", { class: "depC1" })

  GM_addElement(document.body, "div", { class: "depB1" })

  GM_addElement(document.body, "div", { class: "index1" })
})()

GM_addStyle(\`
body {
  background-color: red;
  color: white;
}

\`)
"
`;
