// Jest Snapshot v1, https://goo.gl/fbAQLP

exports[`build 1`] = `
"// ==UserScript==
// @name     Hot test
// @grant    GM_addElement
// @match    *://*/*
// @version  1.0.0
// ==/UserScript==

;(() => {
  GM_addElement(document.body, "div", { id: "div1" })
  __NEXT__((s) => s.replace(\`div1\`, \`div2\`))
})()
"
`;
