// Jest Snapshot v1, https://goo.gl/fbAQLP

exports[`build 1`] = `
"// ==UserScript==
// @name     CSS test
// @grant    GM_addStyle
// @match    *://*/*
// @version  1.0.0
// ==/UserScript==

;(() => {
  "use strict"

  // extracted by mini-css-extract-plugin
  /* harmony default export */ const styles_module = { tltle: "styles-module__tltle--zOaB" }

  console.log(styles_module.title)
})()

GM_addStyle(\`
body {
  background-color: red;
}

.styles-module__tltle--zOaB {
  color: white;
}

\`)
"
`;
